mode: set
github.com/LeVanHieu0509/backend-go/tests/basic/main.go:5.26,8.2 1 1
github.com/LeVanHieu0509/backend-go/tests/basic/main.go:10.26,11.12 1 1
github.com/LeVanHieu0509/backend-go/tests/basic/main.go:11.12,13.3 1 0
github.com/LeVanHieu0509/backend-go/tests/basic/main.go:14.2,14.14 1 1
github.com/LeVanHieu0509/backend-go/tests/basic/main.go:14.14,16.3 1 1
github.com/LeVanHieu0509/backend-go/tests/basic/main.go:17.2,17.14 1 1
github.com/LeVanHieu0509/backend-go/tests/basic/main.go:17.14,19.3 1 0
github.com/LeVanHieu0509/backend-go/tests/basic/main.go:20.2,20.16 1 1
